{
  "$schema": "http://json-schema.org/schema#",
  "type": "object",
  "properties": {
    "name": {
      "type": "string"
    },
    "message": {
      "type": "string"
    },
    "code": {
      "type": "integer"
    },
    "type": {
      "type": "string"
    },
    "status": {
      "type": "integer"
    },
    "comment": {
      "type": "string"
    }
  },
  "required": [
    "code",
    "comment",
    "message",
    "name",
    "status",
    "type"
  ]
}