[
  {
    "id": 101,
    "title": "Акмолинская область"
  },
  {
    "id": 95,
    "title": "Актюбинская область"
  },
  {
    "id": 118,
    "title": "Алматинская область"
  },
  {
    "id": 58,
    "title": "Алтайский край"
  },
  {
    "id": 119,
    "title": "Амурская область"
  },
  {
    "id": 44,
    "title": "Архангельская область"
  },
  {
    "id": 22,
    "title": "Астраханская область"
  },
  {
    "id": 106,
    "title": "Атырауская область"
  },
  {
    "id": 38,
    "title": "Белгородская область"
  },
  {
    "id": 30,
    "title": "Брестская область"
  },
  {
    "id": 46,
    "title": "Брянская область"
  },
  {
    "id": 39,
    "title": "Витебская область"
  },
  {
    "id": 42,
    "title": "Владимирская область"
  },
  {
    "id": 18,
    "title": "Волгоградская область"
  },
  {
    "id": 13,
    "title": "Вологодская область"
  },
  {
    "id": 52,
    "title": "Воронежская область"
  },
  {
    "id": 67,
    "title": "Восточно-Казахстанская область"
  },
  {
    "id": 3,
    "title": "г. Москва"
  },
  {
    "id": 8,
    "title": "Гомельская область"
  },
  {
    "id": 94,
    "title": "город Алматы"
  },
  {
    "id": 150,
    "title": "город Астана"
  },
  {
    "id": 90,
    "title": "город Шымкент"
  },
  {
    "id": 6,
    "title": "Гродненская область"
  },
  {
    "id": 26,
    "title": "г. Санкт-Петербург"
  },
  {
    "id": 93,
    "title": "Еврейская автономная область"
  },
  {
    "id": 103,
    "title": "Жамбылская область"
  },
  {
    "id": 239,
    "title": "Жетысуская область"
  },
  {
    "id": 73,
    "title": "Забайкальский край"
  },
  {
    "id": 102,
    "title": "Западно-Казахстанская область"
  },
  {
    "id": 23,
    "title": "Ивановская область"
  },
  {
    "id": 10,
    "title": "Иркутская область"
  },
  {
    "id": 85,
    "title": "Кабардино-Балкарская Республика"
  },
  {
    "id": 20,
    "title": "Калининградская область"
  },
  {
    "id": 54,
    "title": "Калужская область"
  },
  {
    "id": 109,
    "title": "Камчатский край"
  },
  {
    "id": 66,
    "title": "Карагандинская область"
  },
  {
    "id": 88,
    "title": "Карачаево-Черкесская Республика"
  },
  {
    "id": 55,
    "title": "Кемеровская область"
  },
  {
    "id": 96,
    "title": "Кировская область"
  },
  {
    "id": 4,
    "title": "Костанайская область"
  },
  {
    "id": 100,
    "title": "Костромская область"
  },
  {
    "id": 15,
    "title": "Краснодарский край"
  },
  {
    "id": 27,
    "title": "Красноярский край"
  },
  {
    "id": 87,
    "title": "Курганская область"
  },
  {
    "id": 81,
    "title": "Курская область"
  },
  {
    "id": 48,
    "title": "Ленинградская область"
  },
  {
    "id": 71,
    "title": "Липецкая область"
  },
  {
    "id": 122,
    "title": "Магаданская область"
  },
  {
    "id": 124,
    "title": "Мангистауская область"
  },
  {
    "id": 11,
    "title": "Минская область"
  },
  {
    "id": 84,
    "title": "Могилёвская область"
  },
  {
    "id": 43,
    "title": "Московская область"
  },
  {
    "id": 35,
    "title": "Мурманская область"
  },
  {
    "id": 123,
    "title": "Ненецкий автономный округ"
  },
  {
    "id": 45,
    "title": "Нижегородская область"
  },
  {
    "id": 53,
    "title": "Новгородская область"
  },
  {
    "id": 19,
    "title": "Новосибирская область"
  },
  {
    "id": 238,
    "title": "область Абай"
  },
  {
    "id": 49,
    "title": "Омская область"
  },
  {
    "id": 68,
    "title": "Оренбургская область"
  },
  {
    "id": 76,
    "title": "Орловская область"
  },
  {
    "id": 75,
    "title": "Павлодарская область"
  },
  {
    "id": 62,
    "title": "Пензенская область"
  },
  {
    "id": 21,
    "title": "Пермский край"
  },
  {
    "id": 47,
    "title": "Приморский край"
  },
  {
    "id": 57,
    "title": "Псковская область"
  },
  {
    "id": 151,
    "title": "Регион 01 из страны Монголия"
  },
  {
    "id": 243,
    "title": "Регион 02 из страны Монголия"
  },
  {
    "id": 244,
    "title": "Регион 02 из страны Объединенные Арабские Эмираты"
  },
  {
    "id": 245,
    "title": "Регион 03 из страны Объединенные Арабские Эмираты"
  },
  {
    "id": 79,
    "title": "Регион G02 из страны Грузия"
  },
  {
    "id": 242,
    "title": "Регион G03 из страны Грузия"
  },
  {
    "id": 104,
    "title": "Регион K02 из страны Киргизия"
  },
  {
    "id": 91,
    "title": "Регион L02 из страны Латвия"
  },
  {
    "id": 25,
    "title": "Регион L03 из страны Латвия"
  },
  {
    "id": 114,
    "title": "Регион L04 из страны Латвия"
  },
  {
    "id": 110,
    "title": "Регион L05 из страны Латвия"
  },
  {
    "id": 92,
    "title": "Регион L06 из страны Латвия"
  },
  {
    "id": 147,
    "title": "Регион L07 из страны Латвия"
  },
  {
    "id": 97,
    "title": "Регион L08 из страны Латвия"
  },
  {
    "id": 89,
    "title": "Регион L10 из страны Латвия"
  },
  {
    "id": 98,
    "title": "Регион L11 из страны Латвия"
  },
  {
    "id": 107,
    "title": "Регион L13 из страны Латвия"
  },
  {
    "id": 115,
    "title": "Регион L16 из страны Латвия"
  },
  {
    "id": 108,
    "title": "Регион L17 из страны Латвия"
  },
  {
    "id": 125,
    "title": "Регион L19 из страны Латвия"
  },
  {
    "id": 112,
    "title": "Регион L20 из страны Латвия"
  },
  {
    "id": 246,
    "title": "Регион L23 из страны Латвия"
  },
  {
    "id": 241,
    "title": "Регион L30 из страны Латвия"
  },
  {
    "id": 235,
    "title": "Регион L31 из страны Латвия"
  },
  {
    "id": 113,
    "title": "Регион L32 из страны Латвия"
  },
  {
    "id": 200,
    "title": "Регион L34 из страны Латвия"
  },
  {
    "id": 121,
    "title": "Регион L35 из страны Латвия"
  },
  {
    "id": 148,
    "title": "Регион L37 из страны Латвия"
  },
  {
    "id": 149,
    "title": "Регион L39 из страны Латвия"
  },
  {
    "id": 5,
    "title": "Регион U10 из страны Узбекистан"
  },
  {
    "id": 17,
    "title": "Республика Адыгея"
  },
  {
    "id": 33,
    "title": "Республика Алтай"
  },
  {
    "id": 50,
    "title": "Республика Башкортостан"
  },
  {
    "id": 72,
    "title": "Республика Бурятия"
  },
  {
    "id": 7,
    "title": "Республика Дагестан"
  },
  {
    "id": 77,
    "title": "Республика Ингушетия"
  },
  {
    "id": 34,
    "title": "Республика Калмыкия"
  },
  {
    "id": 16,
    "title": "Республика Карелия"
  },
  {
    "id": 74,
    "title": "Республика Коми"
  },
  {
    "id": 51,
    "title": "Республика Марий Эл"
  },
  {
    "id": 86,
    "title": "Республика Мордовия"
  },
  {
    "id": 105,
    "title": "Республика Саха (Якутия)"
  },
  {
    "id": 99,
    "title": "Республика Северная Осетия - Алания"
  },
  {
    "id": 28,
    "title": "Республика Татарстан"
  },
  {
    "id": 9,
    "title": "Республика Тыва"
  },
  {
    "id": 14,
    "title": "Республика Хакасия"
  },
  {
    "id": 40,
    "title": "Ростовская область"
  },
  {
    "id": 60,
    "title": "Рязанская область"
  },
  {
    "id": 41,
    "title": "Самарская область"
  },
  {
    "id": 65,
    "title": "Саратовская область"
  },
  {
    "id": 120,
    "title": "Сахалинская область"
  },
  {
    "id": 31,
    "title": "Свердловская область"
  },
  {
    "id": 78,
    "title": "Северо-Казахстанская область"
  },
  {
    "id": 80,
    "title": "Смоленская область"
  },
  {
    "id": 36,
    "title": "Ставропольский край"
  },
  {
    "id": 64,
    "title": "Тамбовская область"
  },
  {
    "id": 29,
    "title": "Тверская область"
  },
  {
    "id": 59,
    "title": "Томская область"
  },
  {
    "id": 61,
    "title": "Тульская область"
  },
  {
    "id": 117,
    "title": "Туркестанская область"
  },
  {
    "id": 82,
    "title": "Тюменская область"
  },
  {
    "id": 83,
    "title": "Удмуртская Республика"
  },
  {
    "id": 237,
    "title": "Улытауская область"
  },
  {
    "id": 56,
    "title": "Ульяновская область"
  },
  {
    "id": 12,
    "title": "Хабаровский край"
  },
  {
    "id": 37,
    "title": "Ханты-Мансийский автономный округ - Югра"
  },
  {
    "id": 63,
    "title": "Челябинская область"
  },
  {
    "id": 69,
    "title": "Чувашская Республика – Чувашия"
  },
  {
    "id": 32,
    "title": "Ямало-Ненецкий автономный округ"
  },
  {
    "id": 70,
    "title": "Ярославская область"
  }
]