{
  "$schema": "http://json-schema.org/schema#",
  "type": "object",
  "properties": {
    "name": {
      "type": "string"
    },
    "id": {
      "type": "integer"
    },
    "latitude": {
      "type": "number"
    },
    "longitude": {
      "type": "number"
    },
    "prefix": {
      "type": "string"
    }
  },
  "required": [
    "id",
    "latitude",
    "longitude",
    "name",
    "prefix"
  ]
}