{
  "$schema": "http://json-schema.org/schema#",
  "type": "array",
  "items": {
    "type": "object",
    "properties": {
      "id": {
        "type": "integer"
      },
      "title": {
        "type": "string"
      }
    },
    "required": [
      "id",
      "title"
    ]
  }
}