{
  "id": 229,
  "name": "Щербинка",
  "title": "Щербинка",
  "longitude": 37.564554,
  "latitude": 55.501315,
  "kladr": null,
  "fiasid": "b7fc1d20-41d4-44e8-af34-d635f452d74c",
  "fias": "b7fc1d20-41d4-44e8-af34-d635f452d74c",
  "addressId": "",
  "prefix": "г",
  "countryId": 2
}