{
  "$schema": "http://json-schema.org/schema#",
  "type": "array",
  "items": {
    "type": "object",
    "properties": {
      "id": {
        "type": "integer"
      },
      "title": {
        "type": "string"
      },
      "alias": {
        "type": "string"
      },
      "url": {
        "type": "string"
      },
      "adult": {
        "type": "boolean"
      },
      "catalogImage": {
        "type": "string",
        "format": "uri"
      },
      "icon": {
        "type": "string",
        "format": "uri"
      },
      "banner": {
        "type": "object",
        "properties": {
          "image": {
            "type": [
              "null",
              "string"
            ]
          },
          "imageAdaptive": {
            "type": [
              "null",
              "string"
            ]
          },
          "url": {
            "type": [
              "null",
              "string"
            ]
          }
        },
        "required": [
          "image",
          "imageAdaptive",
          "url"
        ]
      },
      "items": {
        "type": "array",
        "items": {
          "type": "object",
          "properties": {
            "id": {
              "type": "integer"
            },
            "title": {
              "type": "string"
            },
            "alias": {
              "type": "string"
            },
            "url": {
              "type": "string"
            },
            "adult": {
              "type": "boolean"
            },
            "catalogImage": {
              "type": [
                "null",
                "string"
              ]
            },
            "icon": {
              "type": "string"
            },
            "banner": {
              "type": "object",
              "properties": {
                "image": {
                  "type": "null"
                },
                "imageAdaptive": {
                  "type": "null"
                },
                "url": {
                  "type": "null"
                }
              },
              "required": [
                "image",
                "imageAdaptive",
                "url"
              ]
            },
            "items": {
              "type": "array"
            },
            "products": {
              "type": "array"
            },
            "productCount": {
              "type": "integer"
            }
          },
          "required": [
            "adult",
            "alias",
            "banner",
            "catalogImage",
            "icon",
            "id",
            "items",
            "productCount",
            "products",
            "title",
            "url"
          ]
        }
      },
      "products": {
        "type": "array",
        "items": {
          "type": "object",
          "properties": {
            "id": {
              "type": "integer"
            },
            "sku": {
              "type": "string"
            },
            "title": {
              "type": "string"
            },
            "isFresh": {
              "type": "boolean"
            },
            "isNew": {
              "type": "boolean"
            },
            "isPromo": {
              "type": "boolean"
            },
            "adult": {
              "type": "boolean"
            },
            "isSeason": {
              "type": "boolean"
            },
            "isHit": {
              "type": "boolean"
            },
            "isQRMark": {
              "type": "boolean"
            },
            "forbidden": {
              "type": "boolean"
            },
            "active": {
              "type": "boolean"
            },
            "image": {
              "type": "integer"
            },
            "images": {
              "type": "array",
              "items": {
                "type": "object",
                "properties": {
                  "id": {
                    "type": "integer"
                  },
                  "title": {
                    "type": "null"
                  },
                  "src": {
                    "type": "string"
                  }
                },
                "required": [
                  "id",
                  "src",
                  "title"
                ]
              }
            },
            "unit": {
              "type": "null"
            },
            "specialPrice": {
              "anyOf": [
                {
                  "type": "null"
                },
                {
                  "type": "object",
                  "properties": {
                    "price": {
                      "type": "string"
                    },
                    "active_to": {
                      "type": "string"
                    }
                  },
                  "required": [
                    "active_to",
                    "price"
                  ]
                }
              ]
            },
            "price": {
              "type": "string"
            },
            "unitPrice": {
              "type": "string"
            },
            "minPrice": {
              "type": "string"
            },
            "maxPrice": {
              "type": "string"
            },
            "variantCount": {
              "type": "integer"
            },
            "variantId": {
              "type": [
                "integer",
                "null"
              ]
            },
            "url": {
              "type": "string"
            },
            "inStock": {
              "type": "integer"
            },
            "brand": {
              "type": "null"
            },
            "category": {
              "type": "null"
            }
          },
          "required": [
            "active",
            "adult",
            "brand",
            "category",
            "forbidden",
            "id",
            "image",
            "images",
            "inStock",
            "isFresh",
            "isHit",
            "isNew",
            "isPromo",
            "isQRMark",
            "isSeason",
            "maxPrice",
            "minPrice",
            "price",
            "sku",
            "specialPrice",
            "title",
            "unit",
            "unitPrice",
            "url",
            "variantCount",
            "variantId"
          ]
        }
      },
      "productCount": {
        "type": "integer"
      }
    },
    "required": [
      "adult",
      "alias",
      "banner",
      "catalogImage",
      "icon",
      "id",
      "items",
      "productCount",
      "products",
      "title",
      "url"
    ]
  }
}