{
  "$schema": "http://json-schema.org/schema#",
  "type": "array",
  "items": {
    "type": "object",
    "properties": {
      "id": {
        "type": "integer"
      },
      "pfm": {
        "type": "string"
      },
      "address": {
        "type": "string"
      },
      "latitude": {
        "type": "number"
      },
      "longitude": {
        "type": "number"
      },
      "isActive": {
        "type": "boolean"
      },
      "cityId": {
        "type": "integer"
      },
      "canPayCard": {
        "type": "boolean"
      },
      "canPickup": {
        "type": "boolean"
      },
      "scheduleWeekdays": {
        "type": [
          "null",
          "string"
        ]
      },
      "scheduleSaturday": {
        "type": [
          "null",
          "string"
        ]
      },
      "scheduleSunday": {
        "type": [
          "null",
          "string"
        ]
      },
      "temporarilyClosed": {
        "type": "boolean"
      },
      "metroStations": {
        "type": "array",
        "items": {
          "type": "object",
          "properties": {
            "id": {
              "type": "integer"
            },
            "name": {
              "type": "string"
            },
            "lineColor": {
              "type": "string"
            },
            "latitude": {
              "type": "number"
            },
            "longitude": {
              "type": "number"
            }
          },
          "required": [
            "id",
            "latitude",
            "lineColor",
            "longitude",
            "name"
          ]
        }
      },
      "workTime": {
        "type": [
          "null",
          "string"
        ]
      }
    },
    "required": [
      "address",
      "canPayCard",
      "canPickup",
      "cityId",
      "id",
      "isActive",
      "latitude",
      "longitude",
      "metroStations",
      "pfm",
      "scheduleSaturday",
      "scheduleSunday",
      "scheduleWeekdays",
      "temporarilyClosed",
      "workTime"
    ]
  }
}